# step	max_devi_e	min_devi_e	avg_devi_e	max_devi_f	min_devi_f	avg_devi_f
0	0.00000000e+00	0.00000000e+00	0.00000000e+00	7.71706129e-02	0.00000000e+00	0.00000000e+00
10	0.00000000e+00	0.00000000e+00	0.00000000e+00	6.34340649e-02	0.00000000e+00	0.00000000e+00
20	0.00000000e+00	0.00000000e+00	0.00000000e+00	8.21616157e-02	0.00000000e+00	0.00000000e+00
30	0.00000000e+00	0.00000000e+00	0.00000000e+00	8.14654848e-02	0.00000000e+00	0.00000000e+00
40	0.00000000e+00	0.00000000e+00	0.00000000e+00	1.25079288e-01	0.00000000e+00	0.00000000e+00
50	0.00000000e+00	0.00000000e+00	0.00000000e+00	9.32908091e-02	0.00000000e+00	0.00000000e+00
