-9.590800000000000436e-01 0.000000000000000000e+00 -0.000000000000000000e+00
0.000000000000000000e+00 -9.590800000000000436e-01 -0.000000000000000000e+00
-0.000000000000000000e+00 -0.000000000000000000e+00 -9.590800000000000436e-01
