-1.511766913370329978e-05 1.331106716233789967e-05 9.880798875262249617e-06
1.331106716233789967e-05 1.215700336704489938e-05 -5.060433545213890113e-06
9.880798875262249617e-06 -5.060433545213890113e-06 3.054110026286360092e-06
